.next/types/app/auth/page.ts(2,24): error TS2307: Cannot find module '../../../../app/auth/page.js' or its corresponding type declarations.
.next/types/app/auth/page.ts(5,29): error TS2307: Cannot find module '../../../../app/auth/page.js' or its corresponding type declarations.
